
> react-kavia@0.1.0 start
> react-scripts start

Attempting to bind to HOST environment variable: 0.0.0.0
If this was unintentional, check that you haven't mistakenly set it in your shell.
Learn more here: https://cra.link/advanced-config

(node:10200) [DEP_WEBPACK_DEV_SERVER_ON_AFTER_SETUP_MIDDLEWARE] DeprecationWarning: 'onAfterSetupMiddleware' option is deprecated. Please use the 'setupMiddlewares' option.
(Use `node --trace-deprecation ...` to show where the warning was created)
(node:10200) [DEP_WEBPACK_DEV_SERVER_ON_BEFORE_SETUP_MIDDLEWARE] DeprecationWarning: 'onBeforeSetupMiddleware' option is deprecated. Please use the 'setupMiddlewares' option.
Starting the development server...

Compiled successfully!

You can now view react-kavia in the browser.

  Local:            http://localhost:3000
  On Your Network:  http://172.17.0.2:3000

Note that the development build is not optimized.
To create a production build, use npm run build.

webpack compiled successfully
Compiling...
Compiled successfully!
webpack compiled successfully
Compiling...
Compiled successfully!
webpack compiled successfully
Compiling...
Failed to compile.

Module not found: Error: Can't resolve 'react-tsparticles' in '/home/kavia/workspace/code-generation/codequest-94803-a32c73e6/devarena_frontend/src/components'
WARNING in [eslint] 
src/App.js
  Line 2:60:  'useLocation' is defined but never used  no-unused-vars

ERROR in ./src/components/GalaxyBackground.js 5:0-42
Module not found: Error: Can't resolve 'react-tsparticles' in '/home/kavia/workspace/code-generation/codequest-94803-a32c73e6/devarena_frontend/src/components'

ERROR in ./src/components/GalaxyBackground.js 6:0-39
Module not found: Error: Can't resolve 'tsparticles' in '/home/kavia/workspace/code-generation/codequest-94803-a32c73e6/devarena_frontend/src/components'

webpack compiled with 2 errors and 1 warning
Compiling...
Failed to compile.

Module not found: Error: Can't resolve 'react-tsparticles' in '/home/kavia/workspace/code-generation/codequest-94803-a32c73e6/devarena_frontend/src/components'
LOG from webpack.FileSystemInfo
<w> Managed item /home/kavia/workspace/code-generation/codequest-94803-a32c73e6/devarena_frontend/node_modules/react-tsparticles isn't a directory or doesn't contain a package.json (see snapshot.managedPaths option)
<w> Managed item /home/kavia/workspace/code-generation/codequest-94803-a32c73e6/devarena_frontend/node_modules/tsparticles isn't a directory or doesn't contain a package.json (see snapshot.managedPaths option)
+ 14 hidden lines

WARNING in [eslint] 
src/App.js
  Line 2:60:  'useLocation' is defined but never used  no-unused-vars

ERROR in ./src/components/GalaxyBackground.js 5:0-42
Module not found: Error: Can't resolve 'react-tsparticles' in '/home/kavia/workspace/code-generation/codequest-94803-a32c73e6/devarena_frontend/src/components'

ERROR in ./src/components/GalaxyBackground.js 6:0-39
Module not found: Error: Can't resolve 'tsparticles' in '/home/kavia/workspace/code-generation/codequest-94803-a32c73e6/devarena_frontend/src/components'

webpack compiled with 2 errors and 1 warning
Compiling...
Failed to compile.

Module not found: Error: Can't resolve 'react-tsparticles' in '/home/kavia/workspace/code-generation/codequest-94803-a32c73e6/devarena_frontend/src/components'
WARNING in [eslint] 
src/App.js
  Line 2:60:  'useLocation' is defined but never used  no-unused-vars

ERROR in ./src/components/GalaxyBackground.js 5:0-42
Module not found: Error: Can't resolve 'react-tsparticles' in '/home/kavia/workspace/code-generation/codequest-94803-a32c73e6/devarena_frontend/src/components'

ERROR in ./src/components/GalaxyBackground.js 6:0-39
Module not found: Error: Can't resolve 'tsparticles' in '/home/kavia/workspace/code-generation/codequest-94803-a32c73e6/devarena_frontend/src/components'

webpack compiled with 2 errors and 1 warning
Compiling...
Failed to compile.

Module not found: Error: Can't resolve 'tsparticles' in '/home/kavia/workspace/code-generation/codequest-94803-a32c73e6/devarena_frontend/src/components'
WARNING in [eslint] 
src/App.js
  Line 2:60:  'useLocation' is defined but never used  no-unused-vars

ERROR in ./src/components/GalaxyBackground.js 6:0-39
Module not found: Error: Can't resolve 'tsparticles' in '/home/kavia/workspace/code-generation/codequest-94803-a32c73e6/devarena_frontend/src/components'

ERROR in ./node_modules/react-tsparticles/cjs/particles.js 390:14-36
Module not found: Error: Can't resolve 'tsparticles' in '/home/kavia/workspace/code-generation/codequest-94803-a32c73e6/devarena_frontend/node_modules/react-tsparticles/cjs'

webpack compiled with 2 errors and 1 warning
Compiling...
Failed to compile.

Module not found: Error: Can't resolve 'tsparticles' in '/home/kavia/workspace/code-generation/codequest-94803-a32c73e6/devarena_frontend/src/components'
WARNING in [eslint] 
src/App.js
  Line 2:60:  'useLocation' is defined but never used  no-unused-vars

ERROR in ./src/components/GalaxyBackground.js 6:0-39
Module not found: Error: Can't resolve 'tsparticles' in '/home/kavia/workspace/code-generation/codequest-94803-a32c73e6/devarena_frontend/src/components'

webpack compiled with 1 error and 1 warning
Compiling...
Failed to compile.

Attempted import error: 'loadFull' is not exported from 'tsparticles' (imported as 'loadFull').
WARNING in [eslint] 
src/App.js
  Line 2:60:  'useLocation' is defined but never used  no-unused-vars

ERROR in ./src/components/GalaxyBackground.js 20:10-18
export 'loadFull' (imported as 'loadFull') was not found in 'tsparticles' (possible exports: Canvas, Circle, CircleWarp, Constants, Container, Engine, EventListeners, ExternalInteractorBase, FrameManager, InteractionManager, Loader, Main, Options, OptionsColor, Particle, Particles, ParticlesInteractorBase, Plugins, Point, QuadTree, Range, Rectangle, Retina, Vector, Vector3d, alterHsl, animate, areBoundsInside, arrayRandomIndex, calcEasing, calcExactPositionOrRandomFromSize, calcExactPositionOrRandomFromSizeRanged, calcPositionFromSize, calcPositionOrRandomFromSize, calcPositionOrRandomFromSizeRanged, calculateBounds, cancelAnimation, circleBounce, circleBounceDataFromParticle, clamp, clear, collisionVelocity, colorMix, colorToHsl, colorToRgb, deepExtend, divMode, divModeExecute, drawConnectLine, drawEllipse, drawGrabLine, drawLinkLine, drawLinkTriangle, drawParticle, drawParticlePlugin, drawPlugin, drawShape, drawShapeAfterEffect, getDistance, getDistances, getHslAnimationFromHsl, getHslFromAnimation, getLinkColor, getLinkRandomColor, getParticleBaseVelocity, getParticleDirectionAngle, getRandomRgbColor, getRangeMax, getRangeMin, getRangeValue, getStyleFromHsl, getStyleFromHsv, getStyleFromRgb, getValue, gradient, hslToHsv, hslToRgb, hslaToHsva, hslaToRgba, hsvToHsl, hsvToRgb, hsvaToHsla, hsvaToRgba, isDivModeEnabled, isInArray, isPointInside, isSsr, itemFromArray, loadAbsorbersPlugin, loadEmittersPlugin, loadFont, loadPolygonMaskPlugin, mix, pJSDom, paintBase, particlesJS, randomInRange, rectBounce, rgbToHsl, rgbToHsv, rgbaToHsva, setRangeValue, singleDivModeExecute, stringToAlpha, stringToRgb, tsParticles)

webpack compiled with 1 error and 1 warning
Compiling...
Compiled with warnings.

[eslint] 
src/App.js
  Line 2:60:  'useLocation' is defined but never used  no-unused-vars

Search for the keywords to learn more about each warning.
To ignore, add // eslint-disable-next-line to the line before.

WARNING in [eslint] 
src/App.js
  Line 2:60:  'useLocation' is defined but never used  no-unused-vars

webpack compiled with 1 warning
